2024-04-12 10:15:30,INFO,Application started
2024-04-12 12:30:45,ERROR,Database connection failed
2024-04-12 08:45:20,WARNING,Memory usage high
2022-04-12 16:55:10,ERROR,Invalid input received
2024-04-12 14:20:05,INFO,User logged in
2024-04-12 09:10:55,ERROR,Server crashed
